// Vitest Snapshot v1, https://vitest.dev/guide/snapshot.html

exports[`terrain painter > paints exactly the same ground as before it was made faster 1`] = `
{
  "highlands:-2,1:autumn": "5ea9363c",
  "highlands:-2,1:spring": "9c94c8ef",
  "highlands:-2,1:summer": "6d9c8567",
  "highlands:-2,1:winter": "50d3ff8",
  "highlands:0,0:autumn": "82f16b6c",
  "highlands:0,0:spring": "131f2415",
  "highlands:0,0:summer": "a234f7db",
  "highlands:0,0:winter": "73d26385",
  "highlands:1,-1:autumn": "d44d85e8",
  "highlands:1,-1:spring": "ca813eea",
  "highlands:1,-1:summer": "1241ee2a",
  "highlands:1,-1:winter": "cd19095b",
  "valley:-1,-1:autumn": "428e33ff",
  "valley:-1,-1:spring": "d444adf1",
  "valley:-1,-1:summer": "dfc6407f",
  "valley:-1,-1:winter": "d366082e",
  "valley:0,-2:autumn": "f839bd1",
  "valley:0,-2:spring": "c38187c9",
  "valley:0,-2:summer": "7dd5dd6d",
  "valley:0,-2:winter": "f51fa73c",
  "valley:0,0:autumn": "1878ca69",
  "valley:0,0:spring": "6d2ce493",
  "valley:0,0:summer": "1b835c02",
  "valley:0,0:winter": "82bb175",
  "valley:1,0:autumn": "73a9adab",
  "valley:1,0:spring": "e73b02cc",
  "valley:1,0:summer": "34032104",
  "valley:1,0:winter": "5ebb561f",
  "valley:2,0:autumn": "8b1b7886",
  "valley:2,0:spring": "5af242e3",
  "valley:2,0:summer": "39b7adbf",
  "valley:2,0:winter": "60ea1cc0",
  "valley:3,1:autumn": "d5d331d1",
  "valley:3,1:spring": "507f5e6c",
  "valley:3,1:summer": "4f49c36",
  "valley:3,1:winter": "9b5a396b",
}
`;
